00 010011111111 -> PC=01 ACC=000000000000 ; LOAD FF
01 101111111111 -> PC=02 ACC=000000000000 ; SUB FF
02 010111111111 -> PC=03 ACC=000000000000 ; STORE FF
03 010011111110 -> PC=04 ACC=000000000101 ; LOAD FE
04 001000001100 -> PC=05 ACC=000000000101 ; JZ 0C
05 010011111111 -> PC=06 ACC=000000000000 ; LOAD FF
06 101011111101 -> PC=07 ACC=000000001010 ; ADD FD
07 010111111111 -> PC=08 ACC=000000001010 ; STORE FF
08 010011111110 -> PC=09 ACC=000000000101 ; LOAD FE
09 101110100010 -> PC=0A ACC=000000000100 ; SUB A2
0A 010111111110 -> PC=0B ACC=000000000100 ; STORE FE
0B 000000000011 -> PC=03 ACC=000000000100 ; JMP 03
03 010011111110 -> PC=04 ACC=000000000100 ; LOAD FE
04 001000001100 -> PC=05 ACC=000000000100 ; JZ 0C
05 010011111111 -> PC=06 ACC=000000001010 ; LOAD FF
06 101011111101 -> PC=07 ACC=000000010100 ; ADD FD
07 010111111111 -> PC=08 ACC=000000010100 ; STORE FF
08 010011111110 -> PC=09 ACC=000000000100 ; LOAD FE
09 101110100010 -> PC=0A ACC=000000000011 ; SUB A2
0A 010111111110 -> PC=0B ACC=000000000011 ; STORE FE
0B 000000000011 -> PC=03 ACC=000000000011 ; JMP 03
03 010011111110 -> PC=04 ACC=000000000011 ; LOAD FE
04 001000001100 -> PC=05 ACC=000000000011 ; JZ 0C
05 010011111111 -> PC=06 ACC=000000010100 ; LOAD FF
06 101011111101 -> PC=07 ACC=000000011110 ; ADD FD
07 010111111111 -> PC=08 ACC=000000011110 ; STORE FF
08 010011111110 -> PC=09 ACC=000000000011 ; LOAD FE
09 101110100010 -> PC=0A ACC=000000000010 ; SUB A2
0A 010111111110 -> PC=0B ACC=000000000010 ; STORE FE
0B 000000000011 -> PC=03 ACC=000000000010 ; JMP 03
03 010011111110 -> PC=04 ACC=000000000010 ; LOAD FE
04 001000001100 -> PC=05 ACC=000000000010 ; JZ 0C
05 010011111111 -> PC=06 ACC=000000011110 ; LOAD FF
06 101011111101 -> PC=07 ACC=000000101000 ; ADD FD
07 010111111111 -> PC=08 ACC=000000101000 ; STORE FF
08 010011111110 -> PC=09 ACC=000000000010 ; LOAD FE
09 101110100010 -> PC=0A ACC=000000000001 ; SUB A2
0A 010111111110 -> PC=0B ACC=000000000001 ; STORE FE
0B 000000000011 -> PC=03 ACC=000000000001 ; JMP 03
03 010011111110 -> PC=04 ACC=000000000001 ; LOAD FE
04 001000001100 -> PC=05 ACC=000000000001 ; JZ 0C
05 010011111111 -> PC=06 ACC=000000101000 ; LOAD FF
06 101011111101 -> PC=07 ACC=000000110010 ; ADD FD
07 010111111111 -> PC=08 ACC=000000110010 ; STORE FF
08 010011111110 -> PC=09 ACC=000000000001 ; LOAD FE
09 101110100010 -> PC=0A ACC=000000000000 ; SUB A2
0A 010111111110 -> PC=0B ACC=000000000000 ; STORE FE
0B 000000000011 -> PC=03 ACC=000000000000 ; JMP 03
03 010011111110 -> PC=04 ACC=000000000000 ; LOAD FE
04 001000001100 -> PC=0C ACC=000000000000 ; JZ 0C
0C 111100000000 -> PC=0D ACC=000000000000 ; HALT
