00 010010100001 -> PC=01 ACC=000000001010 ; LOAD A1
01 001000001000 -> PC=02 ACC=000000001010 ; JZ 08
02 101110100010 -> PC=03 ACC=000000001001 ; SUB A2
03 010110100001 -> PC=04 ACC=000000001001 ; STORE A1
04 010010100000 -> PC=05 ACC=000000000101 ; LOAD A0
05 101010100011 -> PC=06 ACC=000000000101 ; ADD A3
06 010110100011 -> PC=07 ACC=000000000101 ; STORE A3
07 000000000000 -> PC=00 ACC=000000000101 ; JMP 00
00 010010100001 -> PC=01 ACC=000000001001 ; LOAD A1
01 001000001000 -> PC=02 ACC=000000001001 ; JZ 08
02 101110100010 -> PC=03 ACC=000000001000 ; SUB A2
03 010110100001 -> PC=04 ACC=000000001000 ; STORE A1
04 010010100000 -> PC=05 ACC=000000000101 ; LOAD A0
05 101010100011 -> PC=06 ACC=000000001010 ; ADD A3
06 010110100011 -> PC=07 ACC=000000001010 ; STORE A3
07 000000000000 -> PC=00 ACC=000000001010 ; JMP 00
00 010010100001 -> PC=01 ACC=000000001000 ; LOAD A1
01 001000001000 -> PC=02 ACC=000000001000 ; JZ 08
02 101110100010 -> PC=03 ACC=000000000111 ; SUB A2
03 010110100001 -> PC=04 ACC=000000000111 ; STORE A1
04 010010100000 -> PC=05 ACC=000000000101 ; LOAD A0
05 101010100011 -> PC=06 ACC=000000001111 ; ADD A3
06 010110100011 -> PC=07 ACC=000000001111 ; STORE A3
07 000000000000 -> PC=00 ACC=000000001111 ; JMP 00
00 010010100001 -> PC=01 ACC=000000000111 ; LOAD A1
01 001000001000 -> PC=02 ACC=000000000111 ; JZ 08
02 101110100010 -> PC=03 ACC=000000000110 ; SUB A2
03 010110100001 -> PC=04 ACC=000000000110 ; STORE A1
04 010010100000 -> PC=05 ACC=000000000101 ; LOAD A0
05 101010100011 -> PC=06 ACC=000000010100 ; ADD A3
06 010110100011 -> PC=07 ACC=000000010100 ; STORE A3
07 000000000000 -> PC=00 ACC=000000010100 ; JMP 00
00 010010100001 -> PC=01 ACC=000000000110 ; LOAD A1
01 001000001000 -> PC=02 ACC=000000000110 ; JZ 08
02 101110100010 -> PC=03 ACC=000000000101 ; SUB A2
03 010110100001 -> PC=04 ACC=000000000101 ; STORE A1
04 010010100000 -> PC=05 ACC=000000000101 ; LOAD A0
05 101010100011 -> PC=06 ACC=000000011001 ; ADD A3
06 010110100011 -> PC=07 ACC=000000011001 ; STORE A3
07 000000000000 -> PC=00 ACC=000000011001 ; JMP 00
00 010010100001 -> PC=01 ACC=000000000101 ; LOAD A1
01 001000001000 -> PC=02 ACC=000000000101 ; JZ 08
02 101110100010 -> PC=03 ACC=000000000100 ; SUB A2
03 010110100001 -> PC=04 ACC=000000000100 ; STORE A1
04 010010100000 -> PC=05 ACC=000000000101 ; LOAD A0
05 101010100011 -> PC=06 ACC=000000011110 ; ADD A3
06 010110100011 -> PC=07 ACC=000000011110 ; STORE A3
07 000000000000 -> PC=00 ACC=000000011110 ; JMP 00
00 010010100001 -> PC=01 ACC=000000000100 ; LOAD A1
01 001000001000 -> PC=02 ACC=000000000100 ; JZ 08
02 101110100010 -> PC=03 ACC=000000000011 ; SUB A2
03 010110100001 -> PC=04 ACC=000000000011 ; STORE A1
04 010010100000 -> PC=05 ACC=000000000101 ; LOAD A0
05 101010100011 -> PC=06 ACC=000000100011 ; ADD A3
06 010110100011 -> PC=07 ACC=000000100011 ; STORE A3
07 000000000000 -> PC=00 ACC=000000100011 ; JMP 00
00 010010100001 -> PC=01 ACC=000000000011 ; LOAD A1
01 001000001000 -> PC=02 ACC=000000000011 ; JZ 08
02 101110100010 -> PC=03 ACC=000000000010 ; SUB A2
03 010110100001 -> PC=04 ACC=000000000010 ; STORE A1
04 010010100000 -> PC=05 ACC=000000000101 ; LOAD A0
05 101010100011 -> PC=06 ACC=000000101000 ; ADD A3
06 010110100011 -> PC=07 ACC=000000101000 ; STORE A3
07 000000000000 -> PC=00 ACC=000000101000 ; JMP 00
00 010010100001 -> PC=01 ACC=000000000010 ; LOAD A1
01 001000001000 -> PC=02 ACC=000000000010 ; JZ 08
02 101110100010 -> PC=03 ACC=000000000001 ; SUB A2
03 010110100001 -> PC=04 ACC=000000000001 ; STORE A1
04 010010100000 -> PC=05 ACC=000000000101 ; LOAD A0
05 101010100011 -> PC=06 ACC=000000101101 ; ADD A3
06 010110100011 -> PC=07 ACC=000000101101 ; STORE A3
07 000000000000 -> PC=00 ACC=000000101101 ; JMP 00
00 010010100001 -> PC=01 ACC=000000000001 ; LOAD A1
01 001000001000 -> PC=02 ACC=000000000001 ; JZ 08
02 101110100010 -> PC=03 ACC=000000000000 ; SUB A2
03 010110100001 -> PC=04 ACC=000000000000 ; STORE A1
04 010010100000 -> PC=05 ACC=000000000101 ; LOAD A0
05 101010100011 -> PC=06 ACC=000000110010 ; ADD A3
06 010110100011 -> PC=07 ACC=000000110010 ; STORE A3
07 000000000000 -> PC=00 ACC=000000110010 ; JMP 00
00 010010100001 -> PC=01 ACC=000000000000 ; LOAD A1
01 001000001000 -> PC=08 ACC=000000000000 ; JZ 08
08 111100000000 -> PC=09 ACC=000000000000 ; HALT
